// Jest Snapshot v1, https://goo.gl/fbAQLP

exports[`Camera should render 1`] = `
<div
  className="camera-container"
>
  <video
    autoPlay={true}
    style={
      Object {
        "height": 300,
        "marginBottom": 20,
        "width": 500,
      }
    }
  />
  <Button
    onClick={[Function]}
    text="Take Photo"
  />
</div>
`;
